const true = 1'b1;
const false = 1'b0;
@internal
module Reg[T: Type](
  clk: clock,
  d: T,
  en?: u1,
  rst?: u1,
) -> (
  q: T,
)
@internal
module RegAsyncReset[T: Type](
  clk: clock,
  d: T,
  en?: u1,
  rst?: u1,
) -> (
  q: T,
)
@internal
module Memory[T: Type, Depth: Nat, ReadPorts: Nat, WritePorts: Nat, ReadLatency: Nat, WriteLatency: Nat](
  read: [ReadPorts](clk: clock, en: u1, addr: uint<clog2!(Depth)>),
  write: [WritePorts](clk: clock, en: u1, addr: uint<clog2!(Depth)>, data: T, mask: MemoryMask[T]),
) -> (
  q: [ReadPorts]T,
)
module Top(
  a: u8,
  b: u8,
) -> (
  eq: u1,
  ne: u1,
  lt: u1,
  le: u1,
  gt: u1,
  ge: u1,
) {
  eq = (a == b);
  ne = (a != b);
  lt = (a < b);
  le = (a <= b);
  gt = (a > b);
  ge = (a >= b);
}
