const true = 1'b1;
const false = 1'b0;
@internal
module Reg<T: Type>(
  clk: clock,
  d: T,
  en?: u1,
  rst?: u1,
) -> (
  q: T,
)
@internal
module RegAsyncReset<T: Type>(
  clk: clock,
  d: T,
  en?: u1,
  rst?: u1,
) -> (
  q: T,
)
@internal
module Memory<T: Type, Depth: Nat, ReadPorts: Nat, WritePorts: Nat, ReadLatency: Nat, WriteLatency: Nat>(
  read: (clk: clock, en: u1, addr: uint<clog2!(Depth)>)[ReadPorts],
  write: (clk: clock, en: u1, addr: uint<clog2!(Depth)>, data: T, mask: MemoryMask<T>)[WritePorts],
) -> (
  q: T[ReadPorts],
)
module Top(
  hi: u4,
  mid: u4,
  lo: u4,
) -> (
  out12: u12,
  out8: u8,
) {
  out12 = cat!(hi, mid, lo);
  out8 = cat!(hi, lo);
}
