FIRRTL version 4.1.0
circuit Top:
  public module Top:
    input a_0: UInt<8>
    input a_1: UInt<8>
    input a_2: UInt<8>
    input a_3: UInt<8>
    input rd_idx: UInt<2>
    input wr_idx: UInt<2>
    input wr_val: UInt<8>
    output out_0: UInt<8>
    output out_1: UInt<8>
    output out_2: UInt<8>
    output out_3: UInt<8>
    output rd_val: UInt<8>

    connect out_0, mux(eq(wr_idx, UInt<2>(0)), wr_val, a_0)
    connect out_1, mux(eq(wr_idx, UInt<2>(0)), a_1, mux(eq(wr_idx, UInt<2>(1)), wr_val, a_1))
    connect out_2, mux(eq(wr_idx, UInt<2>(0)), a_2, mux(eq(wr_idx, UInt<2>(1)), a_2, mux(eq(wr_idx, UInt<2>(2)), wr_val, a_2)))
    connect out_3, mux(eq(wr_idx, UInt<2>(0)), a_3, mux(eq(wr_idx, UInt<2>(1)), a_3, mux(eq(wr_idx, UInt<2>(2)), a_3, wr_val)))
    connect rd_val, mux(eq(rd_idx, UInt<2>(0)), out_0, mux(eq(rd_idx, UInt<2>(1)), out_1, mux(eq(rd_idx, UInt<2>(2)), out_2, out_3)))

