const true = 1'b1;
const false = 1'b0;
@internal
module Reg[T: Type](
  clk: clock,
  d: T,
  en?: u1,
  rst?: u1,
) -> (
  q: T,
)
@internal
module RegAsyncReset[T: Type](
  clk: clock,
  d: T,
  en?: u1,
  rst?: u1,
) -> (
  q: T,
)
@internal
module Memory[T: Type, Depth: Nat, ReadPorts: Nat, WritePorts: Nat, ReadLatency: Nat, WriteLatency: Nat](
  read: [ReadPorts](clk: clock, en: u1, addr: uint<clog2!(Depth)>),
  write: [WritePorts](clk: clock, en: u1, addr: uint<clog2!(Depth)>, data: T, mask: MemoryMask[T]),
) -> (
  q: [ReadPorts]T,
)
module Top(
  b: u1,
  byte: u8,
) -> (
  bools4: [4]u1,
  bytes3: [3]u8,
  bits4: u4,
) {
  bools4 = fill!(4, b);
  bytes3 = fill!(3, byte);
  bits4 = cat!(fill!(4, b));
}
