FIRRTL version 4.1.0
circuit Top:
  public module Identity$0:
    input a: UInt<8>
    output out: UInt<8>

    connect out, a

  public module Identity$1:
    input a: UInt<16>
    output out: UInt<16>

    connect out, a

  public module Top:
    input a: UInt<8>
    input b: UInt<16>
    output x: UInt<8>
    output y: UInt<16>

    inst ix of Identity$0
    inst iy of Identity$1
    connect x, ix.out
    connect y, iy.out
    connect ix.a, a
    connect iy.a, b

