FIRRTL version 4.1.0
circuit Top:
  public module Top:
    input clk: Clock
    input wr_en: UInt<1>
    input wr_addr: UInt<4>
    input wr_data: UInt<8>
    input rd_en: UInt<1>
    input rd_addr: UInt<4>
    output rd_data: UInt<8>

    mem mem:
      data-type => UInt<8>
      depth => 16
      read-latency => 1
      write-latency => 1
      read-under-write => undefined
      reader => mem_reader0
      writer => mem_writer0

    connect rd_data, mem.mem_reader0.data
    connect mem.mem_writer0.addr, wr_addr
    connect mem.mem_writer0.en, wr_en
    connect mem.mem_writer0.clk, clk
    connect mem.mem_writer0.data, wr_data
    connect mem.mem_writer0.mask, UInt<1>(1)
    connect mem.mem_reader0.addr, rd_addr
    connect mem.mem_reader0.en, rd_en
    connect mem.mem_reader0.clk, clk

