FIRRTL version 4.1.0
circuit Top:
  public module Top:
    input clk: Clock
    input wr_en: UInt<1>
    input wr_addr: UInt<4>
    input wr_data: UInt<8>
    input rd_en: UInt<1>
    input rd_addr: UInt<4>
    output rd_data: UInt<8>

    wire mem_q_0: UInt<8>
    mem mem_0$:
      data-type => UInt<8>
      depth => 16
      read-latency => 1
      write-latency => 1
      read-under-write => undefined
      reader => mem_0$_reader0
      writer => mem_0$_writer0

    wire vec_1$_0_clk: Clock
    wire vec_1$_0_en: UInt<1>
    wire vec_1$_0_addr: UInt<4>
    wire vec_2$_0_clk: Clock
    wire vec_2$_0_en: UInt<1>
    wire vec_2$_0_addr: UInt<4>
    wire vec_2$_0_data: UInt<8>
    wire vec_2$_0_mask: UInt<1>
    connect rd_data, mem_q_0
    connect mem_q_0, mem_0$.mem_0$_reader0.data
    connect mem_0$.mem_0$_writer0.addr, vec_2$_0_addr
    connect mem_0$.mem_0$_writer0.en, vec_2$_0_en
    connect mem_0$.mem_0$_writer0.clk, vec_2$_0_clk
    connect mem_0$.mem_0$_writer0.data, vec_2$_0_data
    connect mem_0$.mem_0$_writer0.mask, vec_2$_0_mask
    connect vec_1$_0_clk, clk
    connect vec_1$_0_en, rd_en
    connect vec_1$_0_addr, rd_addr
    connect mem_0$.mem_0$_reader0.addr, vec_1$_0_addr
    connect mem_0$.mem_0$_reader0.en, vec_1$_0_en
    connect mem_0$.mem_0$_reader0.clk, vec_1$_0_clk
    connect vec_2$_0_clk, clk
    connect vec_2$_0_en, wr_en
    connect vec_2$_0_addr, wr_addr
    connect vec_2$_0_data, wr_data
    connect vec_2$_0_mask, UInt<1>(1)

