FIRRTL version 4.1.0
circuit Top:
  public module Top:
    input rin: UInt<3>
    input gin: UInt<3>
    input bin: UInt<3>
    output out_r: UInt<3>
    output out_g: UInt<3>
    output out_b: UInt<3>
    output copy_r: UInt<3>
    output copy_g: UInt<3>
    output copy_b: UInt<3>

    wire base_r: UInt<3>
    wire base_g: UInt<3>
    wire base_b: UInt<3>
    connect out_r, base_r
    connect out_g, base_g
    connect out_b, base_b
    connect copy_r, base_r
    connect copy_g, UInt<3>(0)
    connect copy_b, base_b
    connect base_r, rin
    connect base_g, gin
    connect base_b, bin

