FIRRTL version 4.1.0
circuit Top:
  public module Top:
    input rin: UInt<3>
    input gin: UInt<3>
    input bin: UInt<3>
    output out_r: UInt<3>
    output out_g: UInt<3>
    output out_b: UInt<3>
    output copy_r: UInt<3>
    output copy_g: UInt<3>
    output copy_b: UInt<3>

    connect out_r, rin
    connect out_g, gin
    connect out_b, bin
    connect copy_r, rin
    connect copy_g, UInt<3>(0)
    connect copy_b, bin

