FIRRTL version 4.1.0
circuit Top:
  public module Top:
    input uval: UInt<4>
    input sval: SInt<4>
    output zext: UInt<8>
    output sext_sint: SInt<8>
    output sext_uint: UInt<8>

    connect zext, pad(uval, 8)
    connect sext_sint, pad(sval, 8)
    connect sext_uint, asUInt(pad(asSInt(uval), 8))

