const true = 1'b1;
const false = 1'b0;
@internal
module Reg[T: Type](
  clk: clock,
  d: T,
  en?: u1,
  rst?: u1,
) -> (
  q: T,
)
@internal
module RegAsyncReset[T: Type](
  clk: clock,
  d: T,
  en?: u1,
  rst?: u1,
) -> (
  q: T,
)
@internal
module Memory[T: Type, Depth: Nat, ReadPorts: Nat, WritePorts: Nat, ReadLatency: Nat, WriteLatency: Nat](
  read: [ReadPorts](clk: clock, en: u1, addr: uint<clog2!(Depth)>),
  write: [WritePorts](clk: clock, en: u1, addr: uint<clog2!(Depth)>, data: T, mask: MemoryMask[T]),
) -> (
  q: [ReadPorts]T,
)
module Top(
  a: [4]u8,
  b: [4]u8,
) -> (
  out: [4]u8,
) {
  out[0] = (a[0] xor b[0]);
  out[1] = (a[1] xor b[1]);
  out[2] = (a[2] xor b[2]);
  out[3] = (a[3] xor b[3]);
}
